<html>
<body>
<pre>
<h1>µVision Build Log</h1>
<h2>Tool Versions:</h2>
IDE-Version: µVision V5.25.2.0
Copyright (C) 2018 ARM Ltd and ARM Germany GmbH. All rights reserved.
License Information: richard yan, uw, LIC=----
 
Tool Versions:
Toolchain:       MDK-Lite  Version: 5.25.2.0
Toolchain Path:  C:\Keil_v5\ARM\ARMCC\Bin
C Compiler:      Armcc.exe V5.06 update 6 (build 750)
Assembler:       Armasm.exe V5.06 update 6 (build 750)
Linker/Locator:  ArmLink.exe V5.06 update 6 (build 750)
Library Manager: ArmAr.exe V5.06 update 6 (build 750)
Hex Converter:   FromElf.exe V5.06 update 6 (build 750)
CPU DLL:         SARMCM3.DLL V5.25.2.0
Dialog DLL:      DCM.DLL V1.17.1.0
Target DLL:      STLink\ST-LINKIII-KEIL_SWO.dll V3.0.1.0
Dialog DLL:      TCM.DLL V1.35.1.0
 
<h2>Project:</h2>
C:\uw\MTE325-TwoAxisMachine\STM32CubeExpansion-SPN2_V1.1.0\Projects\MDK-ARM\Project.uvprojx
Project File Date:  06/20/2018

<h2>Output:</h2>
*** Using Compiler 'V5.06 update 6 (build 750)', folder: 'C:\Keil_v5\ARM\ARMCC\Bin'
Rebuild target 'STM32F401RE-Nucleo'
compiling stm32f4xx_hal.c...
compiling stm32f4xx_hal_rcc.c...
compiling L6470.c...
compiling stm32f4xx_hal_adc_ex.c...
compiling stm32f4xx_hal_cortex.c...
compiling stm32f4xx_hal_adc.c...
compiling stm32f4xx_hal_gpio.c...
compiling stm32f4xx_hal_dma.c...
compiling stm32f4xx_hal_spi.c...
compiling stm32f4xx_hal_pwr.c...
compiling stm32f4xx_hal_uart.c...
compiling stm32f4xx_hal_dma_ex.c...
compiling stm32f4xx_hal_flash_ramfunc.c...
compiling stm32f4xx_hal_pwr_ex.c...
compiling stm32f4xx_hal_flash_ex.c...
compiling stm32f4xx_hal_rcc_ex.c...
compiling stm32f4xx_hal_flash.c...
compiling stm32f4xx_nucleo.c...
compiling xnucleoihm02a1_interface.c...
compiling stm32f4xx_hal_msp.c...
compiling xnucleoihm02a1.c...
compiling stm32f4xx_it.c...
compiling example.c...
..\Src\example.c(155): warning:  #128-D: loop is not reachable
        for (i=0; i<MovementPerRevolution; i++)
..\Src\example.c: 1 warning, 0 errors
compiling example_usart.c...
compiling params.c...
compiling main.c...
..\Inc\motordriver.h(16): warning:  #1-D: last line of file ends without a newline
  #endif /* __EXAMPLE_H */
..\Src\main.c(197): warning:  #111-D: statement is unreachable
    MicrosteppingMotor_Example_01();
..\Src\main.c(123): warning:  #177-D: variable "var"  was declared but never referenced
  	int var = 0; 
..\Src\main.c(169): warning:  #177-D: variable "output"  was declared but never referenced
  	char output;
..\Src\main.c(235): warning:  #177-D: function "Error_Handler"  was declared but never referenced
  static void Error_Handler(void)
..\Src\main.c: 5 warnings, 0 errors
compiling motordriver.c...
..\Inc\motordriver.h(16): warning:  #1-D: last line of file ends without a newline
  #endif /* __EXAMPLE_H */
..\Src\motordriver.c(76): warning:  #1-D: last line of file ends without a newline
  }
..\Src\motordriver.c: 2 warnings, 0 errors
assembling startup_stm32f401xe.s...
compiling system_stm32f4xx.c...
linking...
Program Size: Code=18508 RO-data=1956 RW-data=936 ZI-data=1576  
FromELF: creating hex file...
After Build - User command #1: C:\Keil_v5\\ARM\ARMCC\bin\fromelf.exe --bin --output=C:\uw\MTE325-TwoAxisMachine\STM32CubeExpansion-SPN2_V1.1.0\Projects\MDK-ARM\STM32F401RE-Nucleo\STM32F401RE-Nucleo.bin .\STM32F401RE-Nucleo\STM32F401RE-Nucleo.axf
".\STM32F401RE-Nucleo\STM32F401RE-Nucleo.axf" - 0 Error(s), 8 Warning(s).

<h2>Software Packages used:</h2>

Package Vendor: ARM
                http://www.keil.com/pack/ARM.CMSIS.5.3.0.pack
                ARM.CMSIS.5.3.0
                CMSIS (Cortex Microcontroller Software Interface Standard)
   * Component: CORE Version: 5.1.1

Package Vendor: Keil
                http://www.keil.com/pack/Keil.STM32F4xx_DFP.2.13.0.pack
                Keil.STM32F4xx_DFP.2.13.0
                STMicroelectronics STM32F4 Series Device Support, Drivers and Examples

<h2>Collection of Component include folders:</h2>
  .\RTE\_STM32F401RE-Nucleo
  C:\Keil_v5\ARM\PACK\ARM\CMSIS\5.3.0\CMSIS\Include
  C:\Keil_v5\ARM\PACK\Keil\STM32F4xx_DFP\2.13.0\Drivers\CMSIS\Device\ST\STM32F4xx\Include

<h2>Collection of Component Files used:</h2>

   * Component: ARM::CMSIS:CORE:5.1.1
Build Time Elapsed:  00:00:10
</pre>
</body>
</html>
